[Fri Sep 18 00:51:32 UTC 2026][INFO] [Action] EE NewBook
[Fri Sep 18 00:51:38 UTC 2026][INFO] [Action] E AutoChapterGroupAction - 0
[Fri Sep 18 00:54:34 UTC 2026][INFO] [Action] E SaveBook - Save
[Fri Sep 18 00:55:05 UTC 2026][INFO] [Action] E InsertTextContent - (c,8088,1),[x]
[Fri Sep 18 00:55:05 UTC 2026][INFO] [Action] EFail InsertTextContent - 4
[Fri Sep 18 00:55:05 UTC 2026][INFO] [Action] E InsertTextContent - (c,8088,1),[x]
[Fri Sep 18 00:55:05 UTC 2026][INFO] [Action] EFail InsertTextContent - 4
[Fri Sep 18 00:55:08 UTC 2026][INFO] [Action] E InsertTextContent - (c,8085,2),[x]
[Fri Sep 18 00:55:09 UTC 2026][INFO] [Action] E InsertTextContent - (c,8086,2),[x]
[Fri Sep 18 00:55:10 UTC 2026][INFO] [Action] E DeleteContent - (c,8087,2),B
[Fri Sep 18 00:55:10 UTC 2026][INFO] [Action] E DeleteContent - (c,8086,2),B
[Fri Sep 18 00:55:12 UTC 2026][INFO] [Action] E AddTextContainer - (c,8085,2),0,0,0
[Fri Sep 18 00:55:16 UTC 2026][INFO] [Action] U AddTextContainer
[Fri Sep 18 00:55:17 UTC 2026][INFO] [Action] E InsertTextContent - (c,8085,2),[d]
[Fri Sep 18 00:55:18 UTC 2026][INFO] [Action] E DeleteContent - (c,8086,2),B
[Fri Sep 18 00:55:19 UTC 2026][INFO] [Action] E AddTextContainer - (c,8085,2),0,0,0
[Fri Sep 18 00:55:19 UTC 2026][INFO] [Action] E InsertTextContent - (c,8086,1),[d]
[Fri Sep 18 00:55:19 UTC 2026][INFO] [Action] E InsertTextContent - (c,8086,2),[d]
[Fri Sep 18 00:55:20 UTC 2026][INFO] [Action] E DeleteContent - (c,8087,2),B
[Fri Sep 18 00:55:20 UTC 2026][INFO] [Action] E DeleteContent - (c,8086,2),B
[Fri Sep 18 00:55:20 UTC 2026][INFO] [Action] E MergeContainer - 8086,1
[Fri Sep 18 00:56:36 UTC 2026][INFO] [Action] E UpdateStyle - (r,8006,8009),13:361:3,(r,8006,8009),F
[Fri Sep 18 00:56:37 UTC 2026][INFO] [Action] E UpdateStyle - (r,8006,8009),13:350:3,(r,8006,8009),F
[Fri Sep 18 00:57:14 UTC 2026][INFO] [Action] E InsertTextContent - (c,8150,1),[v]
[Fri Sep 18 00:57:14 UTC 2026][INFO] [Action] EFail InsertTextContent - 4
[Fri Sep 18 00:57:14 UTC 2026][INFO] [Action] E InsertTextContent - (c,8150,1),[v]
[Fri Sep 18 00:57:14 UTC 2026][INFO] [Action] EFail InsertTextContent - 4
[Fri Sep 18 00:57:14 UTC 2026][INFO] [Action] E InsertTextContent - (c,8150,1),[v]
[Fri Sep 18 00:57:14 UTC 2026][INFO] [Action] EFail InsertTextContent - 4
[Fri Sep 18 00:57:18 UTC 2026][INFO] [Action] E AddTextContainer - (c,8085,2),0,0,0
[Fri Sep 18 00:57:41 UTC 2026][INFO] [Action] E UpdateStyle - (c,8086,1),34:59:3,(r,8089,8089),F
[Fri Sep 18 00:57:55 UTC 2026][INFO] [Action] E Copy - (r,8089,8946)
[Fri Sep 18 00:57:57 UTC 2026][INFO] [Action] E Paste - (c,8086,1),880
[Fri Sep 18 00:58:04 UTC 2026][INFO] [Action] U Paste
[Fri Sep 18 00:58:23 UTC 2026][INFO] [Action] E InsertTextContent - (c,8086,1),[d]
[Fri Sep 18 00:58:24 UTC 2026][INFO] [Action] E DeleteContent - (c,8086,2),B
[Fri Sep 18 00:58:36 UTC 2026][INFO] [Action] E InsertSeparator - (c,8086,2)
[Fri Sep 18 00:58:47 UTC 2026][INFO] [Action] U InsertSeparator
[Fri Sep 18 00:58:48 UTC 2026][INFO] [Action] U DeleteContent
[Fri Sep 18 00:58:48 UTC 2026][INFO] [Action] U InsertTextContent
[Fri Sep 18 00:58:49 UTC 2026][INFO] [Action] U UpdateStyle
[Fri Sep 18 00:58:49 UTC 2026][INFO] [Action] U AddTextContainer
[Fri Sep 18 00:58:50 UTC 2026][INFO] [Action] U UpdateStyle
[Fri Sep 18 00:58:51 UTC 2026][INFO] [Action] U UpdateStyle
[Fri Sep 18 00:58:57 UTC 2026][INFO] [Action] E SaveBook - Save
[Fri Sep 18 01:00:49 UTC 2026][INFO] [Action] E UpdateStyle - (r,7992,8009),16:22.000000:2,(r,7992,8009),F
[Fri Sep 18 01:01:12 UTC 2026][INFO] [Action] E AddTextContainer - (c,157,1),1,0,0
[Fri Sep 18 01:01:13 UTC 2026][INFO] [Action] E AddTextContainer - (c,158,1),1,0,0
[Fri Sep 18 01:01:13 UTC 2026][INFO] [Action] E AddTextContainer - (c,159,1),1,0,0
[Fri Sep 18 01:01:13 UTC 2026][INFO] [Action] E AddTextContainer - (c,160,1),1,0,0
[Fri Sep 18 01:01:13 UTC 2026][INFO] [Action] E AddTextContainer - (c,161,1),1,0,0
[Fri Sep 18 01:01:15 UTC 2026][INFO] [Action] E AddTextContainer - (c,236,1),1,0,0
[Fri Sep 18 01:01:15 UTC 2026][INFO] [Action] E AddTextContainer - (c,237,1),1,0,0
[Fri Sep 18 01:01:17 UTC 2026][INFO] [Action] E MergeContainer - 236,0
[Fri Sep 18 01:01:48 UTC 2026][INFO] [Action] E AddTextContainer - (c,10152,2),0,0,0
[Fri Sep 18 01:01:52 UTC 2026][INFO] [Action] E AddTextContainer - (c,10774,2),0,0,0
[Fri Sep 18 01:01:54 UTC 2026][INFO] [Action] E AddTextContainer - (c,11485,2),0,0,0
[Fri Sep 18 01:02:45 UTC 2026][INFO] [Action] E AddTextContainer - (c,2587,2),0,0,0
[Fri Sep 18 01:02:46 UTC 2026][INFO] [Action] E AddTextContainer - (c,2588,1),1,0,0
[Fri Sep 18 01:03:02 UTC 2026][INFO] [Action] E MergeContainer - 2589,1
[Fri Sep 18 01:03:03 UTC 2026][INFO] [Action] E MergeContainer - 2588,1
[Fri Sep 18 01:03:17 UTC 2026][INFO] [Action] E AddTextContainer - (c,8963,2),0,0,0
[Fri Sep 18 01:04:24 UTC 2026][INFO] [Action] E InsertTextContent - (c,10,1),[M]
[Fri Sep 18 01:04:25 UTC 2026][INFO] [Action] E InsertTextContent - (c,10,2),[a]
[Fri Sep 18 01:04:25 UTC 2026][INFO] [Action] E InsertTextContent - (c,11,2),[d]
[Fri Sep 18 01:04:26 UTC 2026][INFO] [Action] E DeleteContent - (c,12,2),B
[Fri Sep 18 01:04:26 UTC 2026][INFO] [Action] E InsertTextContent - (c,12,1),[s]
[Fri Sep 18 01:04:27 UTC 2026][INFO] [Action] E InsertTextContent - (c,12,2),[t]
[Fri Sep 18 01:04:27 UTC 2026][INFO] [Action] E InsertTextContent - (c,13,2),[e]
[Fri Sep 18 01:04:27 UTC 2026][INFO] [Action] E InsertTextContent - (c,14,2),[r]
[Fri Sep 18 01:04:28 UTC 2026][INFO] [Action] E InsertTextContent - (c,15,2),[i]
[Fri Sep 18 01:04:28 UTC 2026][INFO] [Action] E InsertTextContent - (c,16,2),[n]
[Fri Sep 18 01:04:28 UTC 2026][INFO] [Action] E InsertTextContent - (c,17,2),[g]
[Fri Sep 18 01:04:28 UTC 2026][INFO] [Action] E InsertTextContent - (c,18,2),[SPACE]
[Fri Sep 18 01:04:30 UTC 2026][INFO] [Action] E DeleteContent - (c,9,2),B
[Fri Sep 18 01:04:30 UTC 2026][INFO] [Action] E DeleteContent - (c,8,2),B
[Fri Sep 18 01:04:30 UTC 2026][INFO] [Action] E DeleteContent - (c,7,2),B
[Fri Sep 18 01:04:31 UTC 2026][INFO] [Action] E DeleteContent - (c,6,2),B
[Fri Sep 18 01:04:31 UTC 2026][INFO] [Action] E DeleteContent - (c,5,2),B
[Fri Sep 18 01:04:31 UTC 2026][INFO] [Action] E DeleteContent - (c,4,2),B
[Fri Sep 18 01:04:31 UTC 2026][INFO] [Action] E DeleteContent - (c,3,2),B
[Fri Sep 18 01:04:32 UTC 2026][INFO] [Action] E DeleteContent - (c,2,2),B
[Fri Sep 18 01:04:32 UTC 2026][INFO] [Action] E DeleteContent - (c,1,2),B
[Fri Sep 18 01:04:32 UTC 2026][INFO] [Action] E RemoveSectionBreak - 1,0
[Fri Sep 18 01:04:32 UTC 2026][INFO] [Action] EFail RemoveSectionBreak - 4
[Fri Sep 18 01:04:32 UTC 2026][INFO] [Action] E RemoveSectionBreak - 1,0
[Fri Sep 18 01:04:33 UTC 2026][INFO] [Action] EFail RemoveSectionBreak - 4
[Fri Sep 18 01:04:35 UTC 2026][INFO] [Action] E MergeContainer - 1,0
[Fri Sep 18 01:04:36 UTC 2026][INFO] [Action] E AddTextContainer - (c,1,1),1,0,0
[Fri Sep 18 01:04:40 UTC 2026][INFO] [Action] E DeleteContent - (r,25,25),F
[Fri Sep 18 01:04:41 UTC 2026][INFO] [Action] U DeleteContent
[Fri Sep 18 01:05:34 UTC 2026][INFO] [Action] E AddTextContainer - (c,22258,2),0,0,0
[Fri Sep 18 01:05:36 UTC 2026][INFO] [Action] U AddTextContainer
[Fri Sep 18 01:06:14 UTC 2026][INFO] [Action] E SaveBook - Save
[Fri Sep 18 01:06:17 UTC 2026][INFO] [Action] E SaveBook - Save
[Fri Sep 18 01:07:51 UTC 2026][INFO] [Action] E SaveBook - Save
[Fri Sep 18 01:07:54 UTC 2026][INFO] Logger Terminated
[Fri Sep 18 01:09:11 UTC 2026][INFO] [Action] EE OpenBook - Book_MasteringTheTechnicalInterview_2_KC.kcb
[Fri Sep 18 01:09:30 UTC 2026][INFO] [Action] E SaveBook - SaveAs
[Fri Sep 18 01:10:04 UTC 2026][INFO] Logger Terminated
